// Jest Snapshot v1, https://goo.gl/fbAQLP

exports[`\`Layout\` component should render correctly with default props 1`] = `
<div
  className="app"
>
  <header
    className="app__header"
  >
    <Link
      className="app__logo"
      to="/"
    >
      <Icon
        theme="btc"
      />
    </Link>
    <Menu />
  </header>
  <main
    className="app__main"
  >
    <aside
      className="app__aside"
    >
      <ConnectFunction />
    </aside>
    <div
      className="app__content"
    >
      <Switch>
        <Route
          component={[Function]}
          exact={true}
          path="/wallets"
        />
        <Route
          component={[Function]}
          exact={true}
          path="/wallets/:id/transactions"
        />
        <Redirect
          to="/wallets"
        />
      </Switch>
    </div>
  </main>
</div>
`;
